[f000000] harness started: out=/Users/eric/Code/RGSP/yelow-recharged-decomp/analysis/dumps/newgame-spam max=20000 period=600 input=true
[f000600] dumped f000600  SB1=0x0200EBE0 SB2=0x0200DBFC STOR=0x020129F4
[f001200] dumped f001200  SB1=0x0200EBE0 SB2=0x0200DBFC STOR=0x020129F4
[f001800] dumped f001800  SB1=0x0200EBE0 SB2=0x0200DBFC STOR=0x020129F4
[f002400] dumped f002400  SB1=0x0200EBE0 SB2=0x0200DBFC STOR=0x020129F4
[f003000] dumped f003000  SB1=0x0200EC14 SB2=0x0200DC30 STOR=0x02012A28
[f003600] dumped f003600  SB1=0x0200EC34 SB2=0x0200DC50 STOR=0x02012A48
[f004200] dumped f004200  SB1=0x0200EC10 SB2=0x0200DC2C STOR=0x02012A24
[f004800] dumped f004800  SB1=0x0200EBDC SB2=0x0200DBF8 STOR=0x020129F0
[f005400] dumped f005400  SB1=0x0200EC34 SB2=0x0200DC50 STOR=0x02012A48
[f006000] dumped f006000  SB1=0x0200EBD4 SB2=0x0200DBF0 STOR=0x020129E8
[f006600] dumped f006600  SB1=0x0200EBE0 SB2=0x0200DBFC STOR=0x020129F4
[f007200] dumped f007200  SB1=0x0200EC34 SB2=0x0200DC50 STOR=0x02012A48
[f007800] dumped f007800  SB1=0x0200EC04 SB2=0x0200DC20 STOR=0x02012A18
[f008400] dumped f008400  SB1=0x0200EC34 SB2=0x0200DC50 STOR=0x02012A48
[f009000] dumped f009000  SB1=0x0200EC18 SB2=0x0200DC34 STOR=0x02012A2C
[f009600] dumped f009600  SB1=0x0200EC34 SB2=0x0200DC50 STOR=0x02012A48
[f010200] dumped f010200  SB1=0x0200EC00 SB2=0x0200DC1C STOR=0x02012A14
[f010800] dumped f010800  SB1=0x0200EBEC SB2=0x0200DC08 STOR=0x02012A00
[f011400] dumped f011400  SB1=0x0200EC34 SB2=0x0200DC50 STOR=0x02012A48
[f012000] dumped f012000  SB1=0x0200EC00 SB2=0x0200DC1C STOR=0x02012A14
[f012600] dumped f012600  SB1=0x0200EBD8 SB2=0x0200DBF4 STOR=0x020129EC
[f013200] dumped f013200  SB1=0x0200EC30 SB2=0x0200DC4C STOR=0x02012A44
[f013800] dumped f013800  SB1=0x0200EC04 SB2=0x0200DC20 STOR=0x02012A18
[f014400] dumped f014400  SB1=0x0200EBF0 SB2=0x0200DC0C STOR=0x02012A04
[f015000] dumped f015000  SB1=0x0200EC1C SB2=0x0200DC38 STOR=0x02012A30
[f015600] dumped f015600  SB1=0x0200EC28 SB2=0x0200DC44 STOR=0x02012A3C
[f016200] dumped f016200  SB1=0x0200EC44 SB2=0x0200DC60 STOR=0x02012A58
[f016800] dumped f016800  SB1=0x0200EBD4 SB2=0x0200DBF0 STOR=0x020129E8
[f017400] dumped f017400  SB1=0x0200EC44 SB2=0x0200DC60 STOR=0x02012A58
[f018000] dumped f018000  SB1=0x0200EC30 SB2=0x0200DC4C STOR=0x02012A44
[f018600] dumped f018600  SB1=0x0200EC04 SB2=0x0200DC20 STOR=0x02012A18
[f019200] dumped f019200  SB1=0x0200EBF0 SB2=0x0200DC0C STOR=0x02012A04
[f019800] dumped f019800  SB1=0x0200EC38 SB2=0x0200DC54 STOR=0x02012A4C
[f020000] dumped final  SB1=0x0200EBEC SB2=0x0200DC08 STOR=0x02012A00
[f020000] harness complete
