[f000000] card harness loaded
[f001232] dumped menu-open
[f001370] dumped menu-cursor
[f001672] dumped card-front
[f001914] dumped card-flip
[f002156] dumped card-after
[f002157] done
[f002158] done
[f002159] done
[f002160] done
[f002161] done
[f002162] done
[f002163] done
[f002164] done
[f002165] done
[f002166] done
[f002167] done
[f002168] done
[f002169] done
[f002170] done
[f002171] done
[f002172] done
[f002173] done
[f002174] done
[f002175] done
[f002176] done
[f002177] done
[f002178] done
[f002179] done
[f002180] done
[f002181] done
[f002182] done
[f002183] done
[f002184] done
[f002185] done
[f002186] done
[f002187] done
[f002188] done
[f002189] done
[f002190] done
[f002191] done
[f002192] done
[f002193] done
[f002194] done
[f002195] done
[f002196] done
[f002197] done
[f002198] done
[f002199] done
[f002200] done
[f002201] done
[f002202] done
[f002203] done
[f002204] done
[f002205] done
[f002206] done
[f002207] done
[f002208] done
[f002209] done
[f002210] done
[f002211] done
[f002212] done
[f002213] done
[f002214] done
[f002215] done
[f002216] done
[f002217] done
[f002218] done
[f002219] done
[f002220] done
[f002221] done
[f002222] done
[f002223] done
[f002224] done
[f002225] done
[f002226] done
[f002227] done
[f002228] done
[f002229] done
[f002230] done
[f002231] done
[f002232] done
[f002233] done
[f002234] done
[f002235] done
[f002236] done
[f002237] done
[f002238] done
[f002239] done
[f002240] done
[f002241] done
[f002242] done
[f002243] done
[f002244] done
[f002245] done
[f002246] done
[f002247] done
[f002248] done
[f002249] done
[f002250] done
[f002251] done
[f002252] done
[f002253] done
[f002254] done
[f002255] done
[f002256] done
[f002257] done
[f002258] done
[f002259] done
[f002260] done
[f002261] done
[f002262] done
[f002263] done
[f002264] done
[f002265] done
[f002266] done
[f002267] done
[f002268] done
[f002269] done
[f002270] done
[f002271] done
[f002272] done
[f002273] done
[f002274] done
[f002275] done
[f002276] done
[f002277] done
[f002278] done
[f002279] done
[f002280] done
[f002281] done
[f002282] done
[f002283] done
[f002284] done
[f002285] done
[f002286] done
[f002287] done
[f002288] done
[f002289] done
[f002290] done
[f002291] done
[f002292] done
[f002293] done
[f002294] done
[f002295] done
[f002296] done
[f002297] done
[f002298] done
[f002299] done
[f002300] done
[f002301] done
[f002302] done
[f002303] done
[f002304] done
[f002305] done
[f002306] done
[f002307] done
[f002308] done
[f002309] done
[f002310] done
[f002311] done
[f002312] done
[f002313] done
[f002314] done
[f002315] done
[f002316] done
[f002317] done
[f002318] done
[f002319] done
[f002320] done
[f002321] done
[f002322] done
[f002323] done
[f002324] done
[f002325] done
[f002326] done
[f002327] done
[f002328] done
[f002329] done
[f002330] done
[f002331] done
[f002332] done
[f002333] done
[f002334] done
[f002335] done
[f002336] done
[f002337] done
[f002338] done
[f002339] done
[f002340] done
[f002341] done
[f002342] done
[f002343] done
[f002344] done
[f002345] done
[f002346] done
[f002347] done
[f002348] done
[f002349] done
[f002350] done
[f002351] done
[f002352] done
[f002353] done
[f002354] done
[f002355] done
[f002356] done
[f002357] done
[f002358] done
[f002359] done
[f002360] done
[f002361] done
[f002362] done
[f002363] done
[f002364] done
[f002365] done
[f002366] done
[f002367] done
[f002368] done
[f002369] done
[f002370] done
[f002371] done
[f002372] done
[f002373] done
[f002374] done
[f002375] done
[f002376] done
[f002377] done
[f002378] done
[f002379] done
[f002380] done
[f002381] done
[f002382] done
[f002383] done
[f002384] done
[f002385] done
[f002386] done
[f002387] done
[f002388] done
[f002389] done
[f002390] done
[f002391] done
[f002392] done
[f002393] done
[f002394] done
[f002395] done
[f002396] done
[f002397] done
[f002398] done
[f002399] done
[f002400] done
[f002401] done
[f002402] done
[f002403] done
[f002404] done
[f002405] done
[f002406] done
[f002407] done
[f002408] done
[f002409] done
[f002410] done
[f002411] done
[f002412] done
[f002413] done
[f002414] done
[f002415] done
[f002416] done
[f002417] done
[f002418] done
[f002419] done
[f002420] done
[f002421] done
[f002422] done
[f002423] done
[f002424] done
[f002425] done
[f002426] done
[f002427] done
[f002428] done
[f002429] done
[f002430] done
[f002431] done
[f002432] done
[f002433] done
[f002434] done
[f002435] done
[f002436] done
[f002437] done
[f002438] done
[f002439] done
[f002440] done
[f002441] done
[f002442] done
[f002443] done
[f002444] done
[f002445] done
[f002446] done
[f002447] done
[f002448] done
[f002449] done
[f002450] done
[f002451] done
[f002452] done
[f002453] done
[f002454] done
[f002455] done
[f002456] done
[f002457] done
[f002458] done
[f002459] done
[f002460] done
[f002461] done
[f002462] done
[f002463] done
[f002464] done
[f002465] done
[f002466] done
[f002467] done
[f002468] done
[f002469] done
[f002470] done
[f002471] done
[f002472] done
[f002473] done
[f002474] done
[f002475] done
[f002476] done
[f002477] done
[f002478] done
[f002479] done
[f002480] done
[f002481] done
[f002482] done
[f002483] done
[f002484] done
[f002485] done
[f002486] done
[f002487] done
[f002488] done
[f002489] done
[f002490] done
[f002491] done
[f002492] done
[f002493] done
[f002494] done
[f002495] done
[f002496] done
[f002497] done
[f002498] done
[f002499] done
[f002500] done
[f002501] done
[f002502] done
[f002503] done
[f002504] done
[f002505] done
[f002506] done
[f002507] done
[f002508] done
[f002509] done
[f002510] done
[f002511] done
[f002512] done
[f002513] done
[f002514] done
[f002515] done
[f002516] done
[f002517] done
[f002518] done
[f002519] done
[f002520] done
[f002521] done
[f002522] done
[f002523] done
[f002524] done
[f002525] done
[f002526] done
[f002527] done
[f002528] done
[f002529] done
[f002530] done
[f002531] done
[f002532] done
[f002533] done
[f002534] done
[f002535] done
[f002536] done
[f002537] done
[f002538] done
[f002539] done
[f002540] done
[f002541] done
[f002542] done
[f002543] done
[f002544] done
[f002545] done
[f002546] done
[f002547] done
[f002548] done
[f002549] done
[f002550] done
[f002551] done
[f002552] done
[f002553] done
[f002554] done
[f002555] done
[f002556] done
[f002557] done
[f002558] done
[f002559] done
[f002560] done
[f002561] done
[f002562] done
[f002563] done
[f002564] done
[f002565] done
[f002566] done
[f002567] done
[f002568] done
[f002569] done
[f002570] done
[f002571] done
[f002572] done
[f002573] done
[f002574] done
[f002575] done
[f002576] done
[f002577] done
[f002578] done
[f002579] done
[f002580] done
[f002581] done
[f002582] done
[f002583] done
[f002584] done
[f002585] done
[f002586] done
[f002587] done
[f002588] done
[f002589] done
[f002590] done
[f002591] done
[f002592] done
[f002593] done
[f002594] done
[f002595] done
[f002596] done
[f002597] done
[f002598] done
[f002599] done
[f002600] done
[f002601] done
[f002602] done
[f002603] done
[f002604] done
[f002605] done
[f002606] done
[f002607] done
[f002608] done
[f002609] done
[f002610] done
[f002611] done
[f002612] done
[f002613] done
[f002614] done
[f002615] done
[f002616] done
[f002617] done
[f002618] done
[f002619] done
[f002620] done
[f002621] done
[f002622] done
[f002623] done
[f002624] done
[f002625] done
[f002626] done
[f002627] done
[f002628] done
[f002629] done
[f002630] done
[f002631] done
[f002632] done
[f002633] done
[f002634] done
[f002635] done
[f002636] done
[f002637] done
[f002638] done
[f002639] done
[f002640] done
[f002641] done
[f002642] done
[f002643] done
[f002644] done
[f002645] done
[f002646] done
[f002647] done
[f002648] done
[f002649] done
[f002650] done
[f002651] done
[f002652] done
[f002653] done
[f002654] done
[f002655] done
[f002656] done
[f002657] done
[f002658] done
[f002659] done
[f002660] done
[f002661] done
[f002662] done
[f002663] done
[f002664] done
[f002665] done
[f002666] done
[f002667] done
[f002668] done
[f002669] done
[f002670] done
[f002671] done
[f002672] done
[f002673] done
[f002674] done
[f002675] done
[f002676] done
[f002677] done
[f002678] done
[f002679] done
[f002680] done
[f002681] done
[f002682] done
[f002683] done
[f002684] done
[f002685] done
[f002686] done
[f002687] done
[f002688] done
[f002689] done
[f002690] done
[f002691] done
[f002692] done
[f002693] done
[f002694] done
[f002695] done
[f002696] done
[f002697] done
[f002698] done
[f002699] done
[f002700] done
[f002701] done
[f002702] done
[f002703] done
[f002704] done
[f002705] done
[f002706] done
[f002707] done
[f002708] done
[f002709] done
[f002710] done
[f002711] done
[f002712] done
[f002713] done
[f002714] done
[f002715] done
[f002716] done
[f002717] done
[f002718] done
[f002719] done
[f002720] done
[f002721] done
[f002722] done
[f002723] done
[f002724] done
[f002725] done
[f002726] done
[f002727] done
[f002728] done
[f002729] done
[f002730] done
[f002731] done
[f002732] done
[f002733] done
[f002734] done
[f002735] done
[f002736] done
[f002737] done
[f002738] done
[f002739] done
[f002740] done
[f002741] done
[f002742] done
[f002743] done
[f002744] done
[f002745] done
[f002746] done
[f002747] done
[f002748] done
[f002749] done
[f002750] done
[f002751] done
[f002752] done
[f002753] done
[f002754] done
[f002755] done
[f002756] done
[f002757] done
[f002758] done
[f002759] done
[f002760] done
[f002761] done
[f002762] done
[f002763] done
[f002764] done
[f002765] done
[f002766] done
[f002767] done
[f002768] done
[f002769] done
[f002770] done
[f002771] done
[f002772] done
[f002773] done
[f002774] done
[f002775] done
[f002776] done
[f002777] done
[f002778] done
[f002779] done
[f002780] done
[f002781] done
[f002782] done
[f002783] done
[f002784] done
[f002785] done
[f002786] done
[f002787] done
[f002788] done
[f002789] done
[f002790] done
[f002791] done
[f002792] done
[f002793] done
[f002794] done
[f002795] done
[f002796] done
[f002797] done
[f002798] done
[f002799] done
[f002800] done
[f002801] done
[f002802] done
[f002803] done
[f002804] done
[f002805] done
[f002806] done
[f002807] done
[f002808] done
[f002809] done
[f002810] done
[f002811] done
[f002812] done
[f002813] done
[f002814] done
[f002815] done
[f002816] done
[f002817] done
[f002818] done
[f002819] done
[f002820] done
[f002821] done
[f002822] done
[f002823] done
[f002824] done
[f002825] done
[f002826] done
[f002827] done
[f002828] done
[f002829] done
[f002830] done
[f002831] done
[f002832] done
[f002833] done
[f002834] done
[f002835] done
[f002836] done
[f002837] done
[f002838] done
[f002839] done
[f002840] done
[f002841] done
[f002842] done
[f002843] done
[f002844] done
[f002845] done
[f002846] done
[f002847] done
[f002848] done
[f002849] done
[f002850] done
[f002851] done
[f002852] done
[f002853] done
[f002854] done
[f002855] done
[f002856] done
[f002857] done
[f002858] done
[f002859] done
[f002860] done
[f002861] done
[f002862] done
[f002863] done
[f002864] done
[f002865] done
[f002866] done
[f002867] done
[f002868] done
[f002869] done
[f002870] done
[f002871] done
[f002872] done
[f002873] done
[f002874] done
[f002875] done
[f002876] done
[f002877] done
[f002878] done
[f002879] done
[f002880] done
[f002881] done
[f002882] done
[f002883] done
[f002884] done
[f002885] done
[f002886] done
[f002887] done
[f002888] done
[f002889] done
[f002890] done
[f002891] done
[f002892] done
[f002893] done
[f002894] done
[f002895] done
[f002896] done
[f002897] done
[f002898] done
[f002899] done
[f002900] done
[f002901] done
[f002902] done
[f002903] done
[f002904] done
[f002905] done
[f002906] done
[f002907] done
[f002908] done
[f002909] done
[f002910] done
[f002911] done
[f002912] done
[f002913] done
[f002914] done
[f002915] done
[f002916] done
[f002917] done
[f002918] done
[f002919] done
[f002920] done
[f002921] done
[f002922] done
[f002923] done
[f002924] done
[f002925] done
[f002926] done
[f002927] done
[f002928] done
[f002929] done
[f002930] done
[f002931] done
[f002932] done
[f002933] done
[f002934] done
[f002935] done
[f002936] done
[f002937] done
[f002938] done
[f002939] done
[f002940] done
[f002941] done
[f002942] done
[f002943] done
[f002944] done
[f002945] done
[f002946] done
[f002947] done
[f002948] done
[f002949] done
[f002950] done
[f002951] done
[f002952] done
[f002953] done
[f002954] done
[f002955] done
[f002956] done
[f002957] done
[f002958] done
[f002959] done
[f002960] done
[f002961] done
[f002962] done
[f002963] done
[f002964] done
[f002965] done
[f002966] done
[f002967] done
[f002968] done
[f002969] done
[f002970] done
[f002971] done
[f002972] done
[f002973] done
[f002974] done
[f002975] done
[f002976] done
[f002977] done
[f002978] done
[f002979] done
[f002980] done
[f002981] done
[f002982] done
[f002983] done
[f002984] done
[f002985] done
[f002986] done
[f002987] done
[f002988] done
[f002989] done
[f002990] done
[f002991] done
[f002992] done
[f002993] done
[f002994] done
[f002995] done
[f002996] done
[f002997] done
[f002998] done
[f002999] done
[f003000] done
[f003001] done
[f003002] done
[f003003] done
[f003004] done
[f003005] done
[f003006] done
[f003007] done
[f003008] done
[f003009] done
[f003010] done
[f003011] done
[f003012] done
[f003013] done
[f003014] done
[f003015] done
[f003016] done
[f003017] done
[f003018] done
[f003019] done
[f003020] done
[f003021] done
[f003022] done
[f003023] done
[f003024] done
[f003025] done
[f003026] done
[f003027] done
[f003028] done
[f003029] done
[f003030] done
[f003031] done
[f003032] done
[f003033] done
[f003034] done
[f003035] done
[f003036] done
[f003037] done
[f003038] done
[f003039] done
[f003040] done
[f003041] done
[f003042] done
[f003043] done
[f003044] done
[f003045] done
[f003046] done
[f003047] done
[f003048] done
[f003049] done
[f003050] done
[f003051] done
[f003052] done
[f003053] done
[f003054] done
[f003055] done
[f003056] done
[f003057] done
[f003058] done
[f003059] done
[f003060] done
[f003061] done
[f003062] done
[f003063] done
[f003064] done
[f003065] done
[f003066] done
[f003067] done
[f003068] done
[f003069] done
[f003070] done
[f003071] done
[f003072] done
[f003073] done
[f003074] done
[f003075] done
[f003076] done
[f003077] done
[f003078] done
[f003079] done
[f003080] done
[f003081] done
[f003082] done
[f003083] done
[f003084] done
[f003085] done
[f003086] done
[f003087] done
[f003088] done
[f003089] done
[f003090] done
[f003091] done
[f003092] done
[f003093] done
[f003094] done
[f003095] done
[f003096] done
[f003097] done
[f003098] done
[f003099] done
[f003100] done
[f003101] done
[f003102] done
[f003103] done
[f003104] done
[f003105] done
[f003106] done
[f003107] done
[f003108] done
[f003109] done
[f003110] done
[f003111] done
[f003112] done
[f003113] done
[f003114] done
[f003115] done
[f003116] done
[f003117] done
[f003118] done
[f003119] done
[f003120] done
[f003121] done
[f003122] done
[f003123] done
[f003124] done
[f003125] done
[f003126] done
[f003127] done
[f003128] done
[f003129] done
[f003130] done
[f003131] done
[f003132] done
[f003133] done
[f003134] done
[f003135] done
[f003136] done
[f003137] done
[f003138] done
[f003139] done
[f003140] done
[f003141] done
[f003142] done
[f003143] done
[f003144] done
[f003145] done
[f003146] done
[f003147] done
[f003148] done
[f003149] done
[f003150] done
[f003151] done
[f003152] done
[f003153] done
[f003154] done
[f003155] done
[f003156] done
[f003157] done
[f003158] done
[f003159] done
[f003160] done
[f003161] done
[f003162] done
[f003163] done
[f003164] done
[f003165] done
[f003166] done
[f003167] done
[f003168] done
[f003169] done
[f003170] done
[f003171] done
[f003172] done
[f003173] done
[f003174] done
[f003175] done
[f003176] done
[f003177] done
[f003178] done
[f003179] done
[f003180] done
[f003181] done
[f003182] done
[f003183] done
[f003184] done
[f003185] done
[f003186] done
[f003187] done
[f003188] done
[f003189] done
[f003190] done
[f003191] done
[f003192] done
[f003193] done
[f003194] done
[f003195] done
[f003196] done
[f003197] done
[f003198] done
[f003199] done
[f003200] done
[f003201] done
[f003202] done
[f003203] done
[f003204] done
[f003205] done
[f003206] done
[f003207] done
[f003208] done
[f003209] done
[f003210] done
[f003211] done
[f003212] done
[f003213] done
[f003214] done
[f003215] done
[f003216] done
[f003217] done
[f003218] done
[f003219] done
[f003220] done
[f003221] done
[f003222] done
[f003223] done
[f003224] done
[f003225] done
[f003226] done
[f003227] done
[f003228] done
[f003229] done
[f003230] done
[f003231] done
[f003232] done
[f003233] done
[f003234] done
[f003235] done
[f003236] done
[f003237] done
[f003238] done
[f003239] done
[f003240] done
[f003241] done
[f003242] done
[f003243] done
[f003244] done
[f003245] done
[f003246] done
[f003247] done
[f003248] done
[f003249] done
[f003250] done
[f003251] done
[f003252] done
[f003253] done
[f003254] done
[f003255] done
[f003256] done
[f003257] done
[f003258] done
[f003259] done
[f003260] done
[f003261] done
[f003262] done
[f003263] done
[f003264] done
[f003265] done
[f003266] done
[f003267] done
[f003268] done
[f003269] done
[f003270] done
[f003271] done
[f003272] done
[f003273] done
[f003274] done
[f003275] done
[f003276] done
[f003277] done
[f003278] done
[f003279] done
[f003280] done
[f003281] done
[f003282] done
[f003283] done
[f003284] done
[f003285] done
[f003286] done
[f003287] done
[f003288] done
[f003289] done
[f003290] done
[f003291] done
[f003292] done
[f003293] done
[f003294] done
[f003295] done
[f003296] done
[f003297] done
[f003298] done
[f003299] done
[f003300] done
[f003301] done
[f003302] done
[f003303] done
[f003304] done
[f003305] done
[f003306] done
[f003307] done
[f003308] done
[f003309] done
[f003310] done
[f003311] done
[f003312] done
[f003313] done
[f003314] done
[f003315] done
[f003316] done
[f003317] done
[f003318] done
[f003319] done
[f003320] done
[f003321] done
[f003322] done
[f003323] done
[f003324] done
[f003325] done
[f003326] done
[f003327] done
[f003328] done
[f003329] done
[f003330] done
[f003331] done
[f003332] done
[f003333] done
[f003334] done
[f003335] done
[f003336] done
[f003337] done
[f003338] done
[f003339] done
[f003340] done
[f003341] done
[f003342] done
[f003343] done
[f003344] done
[f003345] done
[f003346] done
[f003347] done
[f003348] done
[f003349] done
[f003350] done
[f003351] done
[f003352] done
[f003353] done
[f003354] done
[f003355] done
[f003356] done
[f003357] done
[f003358] done
[f003359] done
[f003360] done
[f003361] done
[f003362] done
[f003363] done
[f003364] done
[f003365] done
[f003366] done
[f003367] done
[f003368] done
[f003369] done
[f003370] done
[f003371] done
[f003372] done
[f003373] done
[f003374] done
[f003375] done
[f003376] done
[f003377] done
[f003378] done
[f003379] done
[f003380] done
[f003381] done
[f003382] done
[f003383] done
[f003384] done
[f003385] done
[f003386] done
[f003387] done
[f003388] done
[f003389] done
[f003390] done
[f003391] done
[f003392] done
[f003393] done
[f003394] done
[f003395] done
[f003396] done
[f003397] done
[f003398] done
[f003399] done
[f003400] done
[f003401] done
[f003402] done
[f003403] done
[f003404] done
[f003405] done
[f003406] done
[f003407] done
[f003408] done
[f003409] done
[f003410] done
[f003411] done
[f003412] done
[f003413] done
[f003414] done
[f003415] done
[f003416] done
[f003417] done
[f003418] done
[f003419] done
[f003420] done
[f003421] done
[f003422] done
[f003423] done
[f003424] done
[f003425] done
[f003426] done
[f003427] done
[f003428] done
[f003429] done
[f003430] done
[f003431] done
[f003432] done
[f003433] done
[f003434] done
[f003435] done
[f003436] done
[f003437] done
[f003438] done
[f003439] done
[f003440] done
[f003441] done
[f003442] done
[f003443] done
[f003444] done
[f003445] done
[f003446] done
[f003447] done
[f003448] done
[f003449] done
[f003450] done
[f003451] done
[f003452] done
[f003453] done
[f003454] done
[f003455] done
[f003456] done
[f003457] done
[f003458] done
[f003459] done
[f003460] done
[f003461] done
[f003462] done
[f003463] done
[f003464] done
[f003465] done
[f003466] done
[f003467] done
[f003468] done
[f003469] done
[f003470] done
[f003471] done
[f003472] done
[f003473] done
[f003474] done
[f003475] done
[f003476] done
[f003477] done
[f003478] done
[f003479] done
[f003480] done
[f003481] done
[f003482] done
[f003483] done
[f003484] done
[f003485] done
[f003486] done
[f003487] done
[f003488] done
[f003489] done
[f003490] done
[f003491] done
[f003492] done
[f003493] done
[f003494] done
[f003495] done
[f003496] done
[f003497] done
[f003498] done
[f003499] done
[f003500] done
[f003501] done
[f003502] done
[f003503] done
[f003504] done
[f003505] done
[f003506] done
[f003507] done
[f003508] done
[f003509] done
[f003510] done
[f003511] done
[f003512] done
[f003513] done
[f003514] done
[f003515] done
[f003516] done
[f003517] done
[f003518] done
[f003519] done
[f003520] done
[f003521] done
[f003522] done
[f003523] done
[f003524] done
[f003525] done
[f003526] done
[f003527] done
[f003528] done
[f003529] done
[f003530] done
[f003531] done
[f003532] done
[f003533] done
[f003534] done
[f003535] done
[f003536] done
[f003537] done
[f003538] done
[f003539] done
[f003540] done
[f003541] done
[f003542] done
[f003543] done
[f003544] done
[f003545] done
[f003546] done
[f003547] done
[f003548] done
[f003549] done
[f003550] done
[f003551] done
[f003552] done
[f003553] done
[f003554] done
[f003555] done
[f003556] done
[f003557] done
[f003558] done
[f003559] done
[f003560] done
[f003561] done
[f003562] done
[f003563] done
[f003564] done
[f003565] done
[f003566] done
[f003567] done
[f003568] done
[f003569] done
[f003570] done
[f003571] done
[f003572] done
[f003573] done
[f003574] done
[f003575] done
[f003576] done
[f003577] done
[f003578] done
[f003579] done
[f003580] done
[f003581] done
[f003582] done
[f003583] done
[f003584] done
[f003585] done
[f003586] done
[f003587] done
[f003588] done
[f003589] done
[f003590] done
[f003591] done
[f003592] done
[f003593] done
[f003594] done
[f003595] done
[f003596] done
[f003597] done
[f003598] done
[f003599] done
[f003600] done
[f003601] done
[f003602] done
[f003603] done
[f003604] done
[f003605] done
[f003606] done
[f003607] done
[f003608] done
[f003609] done
[f003610] done
[f003611] done
[f003612] done
[f003613] done
[f003614] done
[f003615] done
[f003616] done
[f003617] done
[f003618] done
[f003619] done
[f003620] done
[f003621] done
[f003622] done
[f003623] done
[f003624] done
[f003625] done
[f003626] done
[f003627] done
[f003628] done
[f003629] done
[f003630] done
[f003631] done
[f003632] done
[f003633] done
[f003634] done
[f003635] done
[f003636] done
[f003637] done
[f003638] done
[f003639] done
[f003640] done
[f003641] done
[f003642] done
[f003643] done
[f003644] done
[f003645] done
[f003646] done
[f003647] done
[f003648] done
[f003649] done
[f003650] done
[f003651] done
[f003652] done
[f003653] done
[f003654] done
[f003655] done
[f003656] done
[f003657] done
[f003658] done
[f003659] done
[f003660] done
[f003661] done
[f003662] done
[f003663] done
[f003664] done
[f003665] done
[f003666] done
[f003667] done
[f003668] done
[f003669] done
[f003670] done
[f003671] done
[f003672] done
[f003673] done
[f003674] done
[f003675] done
[f003676] done
[f003677] done
[f003678] done
[f003679] done
[f003680] done
[f003681] done
[f003682] done
[f003683] done
[f003684] done
[f003685] done
[f003686] done
[f003687] done
[f003688] done
[f003689] done
[f003690] done
[f003691] done
[f003692] done
[f003693] done
[f003694] done
[f003695] done
[f003696] done
[f003697] done
[f003698] done
[f003699] done
[f003700] done
[f003701] done
[f003702] done
[f003703] done
[f003704] done
[f003705] done
[f003706] done
[f003707] done
[f003708] done
[f003709] done
[f003710] done
[f003711] done
[f003712] done
[f003713] done
[f003714] done
[f003715] done
[f003716] done
[f003717] done
[f003718] done
[f003719] done
[f003720] done
[f003721] done
[f003722] done
[f003723] done
[f003724] done
[f003725] done
[f003726] done
[f003727] done
[f003728] done
[f003729] done
[f003730] done
[f003731] done
[f003732] done
[f003733] done
[f003734] done
[f003735] done
[f003736] done
[f003737] done
[f003738] done
[f003739] done
[f003740] done
[f003741] done
[f003742] done
[f003743] done
[f003744] done
[f003745] done
[f003746] done
[f003747] done
[f003748] done
[f003749] done
[f003750] done
[f003751] done
[f003752] done
[f003753] done
[f003754] done
[f003755] done
[f003756] done
[f003757] done
[f003758] done
[f003759] done
[f003760] done
[f003761] done
[f003762] done
[f003763] done
[f003764] done
[f003765] done
[f003766] done
[f003767] done
[f003768] done
[f003769] done
[f003770] done
[f003771] done
[f003772] done
[f003773] done
[f003774] done
[f003775] done
[f003776] done
[f003777] done
[f003778] done
[f003779] done
[f003780] done
[f003781] done
[f003782] done
[f003783] done
[f003784] done
[f003785] done
[f003786] done
[f003787] done
[f003788] done
[f003789] done
[f003790] done
[f003791] done
[f003792] done
[f003793] done
[f003794] done
[f003795] done
[f003796] done
[f003797] done
[f003798] done
[f003799] done
[f003800] done
[f003801] done
[f003802] done
[f003803] done
[f003804] done
[f003805] done
[f003806] done
[f003807] done
[f003808] done
[f003809] done
[f003810] done
[f003811] done
[f003812] done
[f003813] done
[f003814] done
[f003815] done
[f003816] done
[f003817] done
[f003818] done
[f003819] done
[f003820] done
[f003821] done
[f003822] done
[f003823] done
[f003824] done
[f003825] done
[f003826] done
[f003827] done
[f003828] done
[f003829] done
[f003830] done
[f003831] done
[f003832] done
[f003833] done
[f003834] done
[f003835] done
[f003836] done
[f003837] done
[f003838] done
[f003839] done
[f003840] done
[f003841] done
[f003842] done
[f003843] done
[f003844] done
[f003845] done
[f003846] done
[f003847] done
[f003848] done
[f003849] done
[f003850] done
[f003851] done
[f003852] done
[f003853] done
[f003854] done
[f003855] done
[f003856] done
[f003857] done
[f003858] done
[f003859] done
[f003860] done
[f003861] done
[f003862] done
[f003863] done
[f003864] done
[f003865] done
[f003866] done
[f003867] done
[f003868] done
[f003869] done
[f003870] done
[f003871] done
[f003872] done
[f003873] done
[f003874] done
[f003875] done
[f003876] done
[f003877] done
[f003878] done
[f003879] done
[f003880] done
[f003881] done
[f003882] done
[f003883] done
[f003884] done
[f003885] done
[f003886] done
[f003887] done
[f003888] done
[f003889] done
[f003890] done
[f003891] done
[f003892] done
[f003893] done
[f003894] done
[f003895] done
[f003896] done
[f003897] done
[f003898] done
[f003899] done
[f003900] done
[f003901] done
[f003902] done
[f003903] done
[f003904] done
[f003905] done
[f003906] done
[f003907] done
[f003908] done
[f003909] done
[f003910] done
[f003911] done
[f003912] done
[f003913] done
[f003914] done
[f003915] done
[f003916] done
[f003917] done
[f003918] done
[f003919] done
[f003920] done
[f003921] done
[f003922] done
[f003923] done
[f003924] done
[f003925] done
[f003926] done
[f003927] done
[f003928] done
[f003929] done
[f003930] done
[f003931] done
[f003932] done
[f003933] done
[f003934] done
[f003935] done
[f003936] done
[f003937] done
[f003938] done
[f003939] done
[f003940] done
[f003941] done
[f003942] done
[f003943] done
[f003944] done
[f003945] done
[f003946] done
[f003947] done
[f003948] done
[f003949] done
[f003950] done
[f003951] done
[f003952] done
[f003953] done
[f003954] done
[f003955] done
[f003956] done
[f003957] done
[f003958] done
[f003959] done
[f003960] done
[f003961] done
[f003962] done
[f003963] done
[f003964] done
[f003965] done
[f003966] done
[f003967] done
[f003968] done
[f003969] done
[f003970] done
[f003971] done
[f003972] done
[f003973] done
[f003974] done
[f003975] done
[f003976] done
[f003977] done
[f003978] done
[f003979] done
[f003980] done
[f003981] done
[f003982] done
[f003983] done
[f003984] done
[f003985] done
[f003986] done
[f003987] done
[f003988] done
[f003989] done
[f003990] done
[f003991] done
[f003992] done
[f003993] done
[f003994] done
[f003995] done
[f003996] done
[f003997] done
[f003998] done
[f003999] done
[f004000] done
[f004001] done
[f004002] done
[f004003] done
[f004004] done
[f004005] done
[f004006] done
[f004007] done
[f004008] done
[f004009] done
[f004010] done
[f004011] done
[f004012] done
[f004013] done
[f004014] done
[f004015] done
[f004016] done
[f004017] done
[f004018] done
[f004019] done
[f004020] done
[f004021] done
[f004022] done
[f004023] done
[f004024] done
[f004025] done
[f004026] done
[f004027] done
[f004028] done
[f004029] done
[f004030] done
[f004031] done
[f004032] done
[f004033] done
[f004034] done
[f004035] done
[f004036] done
[f004037] done
[f004038] done
[f004039] done
[f004040] done
[f004041] done
[f004042] done
[f004043] done
[f004044] done
[f004045] done
[f004046] done
[f004047] done
[f004048] done
[f004049] done
[f004050] done
[f004051] done
[f004052] done
[f004053] done
[f004054] done
[f004055] done
[f004056] done
[f004057] done
[f004058] done
[f004059] done
[f004060] done
[f004061] done
[f004062] done
[f004063] done
[f004064] done
[f004065] done
[f004066] done
[f004067] done
[f004068] done
[f004069] done
[f004070] done
[f004071] done
[f004072] done
[f004073] done
[f004074] done
[f004075] done
[f004076] done
[f004077] done
[f004078] done
[f004079] done
[f004080] done
[f004081] done
[f004082] done
[f004083] done
[f004084] done
[f004085] done
[f004086] done
[f004087] done
[f004088] done
[f004089] done
[f004090] done
[f004091] done
[f004092] done
[f004093] done
[f004094] done
[f004095] done
[f004096] done
[f004097] done
[f004098] done
[f004099] done
[f004100] done
[f004101] done
[f004102] done
[f004103] done
[f004104] done
[f004105] done
[f004106] done
[f004107] done
[f004108] done
[f004109] done
[f004110] done
[f004111] done
[f004112] done
[f004113] done
[f004114] done
[f004115] done
[f004116] done
[f004117] done
[f004118] done
[f004119] done
[f004120] done
[f004121] done
[f004122] done
[f004123] done
[f004124] done
[f004125] done
[f004126] done
[f004127] done
[f004128] done
[f004129] done
[f004130] done
[f004131] done
[f004132] done
[f004133] done
[f004134] done
[f004135] done
[f004136] done
[f004137] done
[f004138] done
[f004139] done
[f004140] done
[f004141] done
[f004142] done
[f004143] done
[f004144] done
[f004145] done
[f004146] done
[f004147] done
[f004148] done
[f004149] done
[f004150] done
[f004151] done
[f004152] done
[f004153] done
[f004154] done
[f004155] done
[f004156] done
[f004157] done
[f004158] done
[f004159] done
[f004160] done
[f004161] done
[f004162] done
[f004163] done
[f004164] done
[f004165] done
[f004166] done
[f004167] done
[f004168] done
[f004169] done
[f004170] done
[f004171] done
[f004172] done
[f004173] done
[f004174] done
[f004175] done
[f004176] done
[f004177] done
[f004178] done
[f004179] done
[f004180] done
[f004181] done
[f004182] done
[f004183] done
[f004184] done
[f004185] done
[f004186] done
[f004187] done
[f004188] done
[f004189] done
[f004190] done
[f004191] done
[f004192] done
[f004193] done
[f004194] done
[f004195] done
[f004196] done
[f004197] done
[f004198] done
[f004199] done
[f004200] done
[f004201] done
[f004202] done
[f004203] done
[f004204] done
[f004205] done
[f004206] done
[f004207] done
[f004208] done
[f004209] done
[f004210] done
[f004211] done
[f004212] done
[f004213] done
[f004214] done
[f004215] done
[f004216] done
[f004217] done
[f004218] done
[f004219] done
[f004220] done
[f004221] done
[f004222] done
[f004223] done
[f004224] done
[f004225] done
[f004226] done
[f004227] done
[f004228] done
[f004229] done
[f004230] done
[f004231] done
[f004232] done
[f004233] done
[f004234] done
[f004235] done
[f004236] done
[f004237] done
[f004238] done
[f004239] done
[f004240] done
[f004241] done
[f004242] done
[f004243] done
[f004244] done
[f004245] done
[f004246] done
[f004247] done
[f004248] done
[f004249] done
[f004250] done
[f004251] done
[f004252] done
[f004253] done
[f004254] done
[f004255] done
[f004256] done
[f004257] done
[f004258] done
[f004259] done
[f004260] done
[f004261] done
[f004262] done
[f004263] done
[f004264] done
[f004265] done
[f004266] done
[f004267] done
[f004268] done
[f004269] done
[f004270] done
[f004271] done
[f004272] done
[f004273] done
[f004274] done
[f004275] done
[f004276] done
[f004277] done
[f004278] done
[f004279] done
[f004280] done
[f004281] done
[f004282] done
[f004283] done
[f004284] done
[f004285] done
[f004286] done
[f004287] done
[f004288] done
[f004289] done
[f004290] done
[f004291] done
[f004292] done
[f004293] done
[f004294] done
[f004295] done
[f004296] done
[f004297] done
[f004298] done
[f004299] done
[f004300] done
[f004301] done
[f004302] done
[f004303] done
[f004304] done
[f004305] done
[f004306] done
[f004307] done
[f004308] done
[f004309] done
[f004310] done
[f004311] done
[f004312] done
[f004313] done
[f004314] done
[f004315] done
[f004316] done
[f004317] done
[f004318] done
[f004319] done
[f004320] done
[f004321] done
[f004322] done
[f004323] done
[f004324] done
[f004325] done
[f004326] done
[f004327] done
[f004328] done
[f004329] done
[f004330] done
[f004331] done
[f004332] done
[f004333] done
[f004334] done
[f004335] done
[f004336] done
[f004337] done
[f004338] done
[f004339] done
[f004340] done
[f004341] done
[f004342] done
[f004343] done
[f004344] done
[f004345] done
[f004346] done
[f004347] done
[f004348] done
[f004349] done
[f004350] done
[f004351] done
[f004352] done
[f004353] done
[f004354] done
[f004355] done
[f004356] done
[f004357] done
[f004358] done
[f004359] done
[f004360] done
[f004361] done
[f004362] done
[f004363] done
[f004364] done
[f004365] done
[f004366] done
[f004367] done
[f004368] done
[f004369] done
[f004370] done
[f004371] done
[f004372] done
[f004373] done
[f004374] done
[f004375] done
[f004376] done
[f004377] done
[f004378] done
[f004379] done
[f004380] done
[f004381] done
[f004382] done
[f004383] done
[f004384] done
[f004385] done
[f004386] done
[f004387] done
[f004388] done
[f004389] done
[f004390] done
[f004391] done
[f004392] done
[f004393] done
[f004394] done
[f004395] done
[f004396] done
[f004397] done
[f004398] done
[f004399] done
[f004400] done
[f004401] done
[f004402] done
[f004403] done
[f004404] done
[f004405] done
[f004406] done
[f004407] done
[f004408] done
[f004409] done
[f004410] done
[f004411] done
[f004412] done
[f004413] done
[f004414] done
[f004415] done
[f004416] done
[f004417] done
[f004418] done
[f004419] done
[f004420] done
[f004421] done
[f004422] done
[f004423] done
[f004424] done
[f004425] done
[f004426] done
[f004427] done
[f004428] done
[f004429] done
[f004430] done
[f004431] done
[f004432] done
[f004433] done
[f004434] done
[f004435] done
[f004436] done
[f004437] done
[f004438] done
[f004439] done
[f004440] done
[f004441] done
[f004442] done
[f004443] done
[f004444] done
[f004445] done
[f004446] done
[f004447] done
[f004448] done
[f004449] done
[f004450] done
[f004451] done
[f004452] done
[f004453] done
[f004454] done
[f004455] done
[f004456] done
[f004457] done
[f004458] done
[f004459] done
[f004460] done
[f004461] done
[f004462] done
[f004463] done
[f004464] done
[f004465] done
[f004466] done
[f004467] done
[f004468] done
[f004469] done
[f004470] done
[f004471] done
[f004472] done
[f004473] done
[f004474] done
[f004475] done
[f004476] done
[f004477] done
[f004478] done
[f004479] done
[f004480] done
[f004481] done
[f004482] done
[f004483] done
[f004484] done
[f004485] done
[f004486] done
[f004487] done
[f004488] done
[f004489] done
[f004490] done
[f004491] done
[f004492] done
[f004493] done
[f004494] done
[f004495] done
[f004496] done
[f004497] done
[f004498] done
[f004499] done
[f004500] done
[f004501] done
[f004502] done
[f004503] done
[f004504] done
[f004505] done
[f004506] done
[f004507] done
[f004508] done
[f004509] done
[f004510] done
[f004511] done
[f004512] done
[f004513] done
[f004514] done
[f004515] done
[f004516] done
[f004517] done
[f004518] done
[f004519] done
[f004520] done
[f004521] done
[f004522] done
[f004523] done
[f004524] done
[f004525] done
[f004526] done
[f004527] done
[f004528] done
[f004529] done
[f004530] done
[f004531] done
[f004532] done
[f004533] done
[f004534] done
[f004535] done
[f004536] done
[f004537] done
[f004538] done
[f004539] done
[f004540] done
[f004541] done
[f004542] done
[f004543] done
[f004544] done
[f004545] done
[f004546] done
[f004547] done
[f004548] done
[f004549] done
[f004550] done
[f004551] done
[f004552] done
[f004553] done
[f004554] done
[f004555] done
[f004556] done
[f004557] done
[f004558] done
[f004559] done
[f004560] done
[f004561] done
[f004562] done
[f004563] done
[f004564] done
[f004565] done
[f004566] done
[f004567] done
[f004568] done
[f004569] done
[f004570] done
[f004571] done
[f004572] done
[f004573] done
[f004574] done
[f004575] done
[f004576] done
[f004577] done
[f004578] done
[f004579] done
[f004580] done
[f004581] done
[f004582] done
[f004583] done
[f004584] done
[f004585] done
[f004586] done
[f004587] done
[f004588] done
[f004589] done
[f004590] done
[f004591] done
[f004592] done
[f004593] done
[f004594] done
[f004595] done
[f004596] done
[f004597] done
[f004598] done
[f004599] done
[f004600] done
[f004601] done
[f004602] done
[f004603] done
[f004604] done
[f004605] done
[f004606] done
[f004607] done
[f004608] done
[f004609] done
[f004610] done
[f004611] done
[f004612] done
[f004613] done
[f004614] done
[f004615] done
[f004616] done
[f004617] done
[f004618] done
[f004619] done
[f004620] done
[f004621] done
[f004622] done
[f004623] done
[f004624] done
[f004625] done
[f004626] done
[f004627] done
[f004628] done
[f004629] done
[f004630] done
[f004631] done
[f004632] done
[f004633] done
[f004634] done
[f004635] done
[f004636] done
[f004637] done
[f004638] done
[f004639] done
[f004640] done
[f004641] done
[f004642] done
[f004643] done
[f004644] done
[f004645] done
[f004646] done
[f004647] done
[f004648] done
[f004649] done
[f004650] done
[f004651] done
[f004652] done
[f004653] done
[f004654] done
[f004655] done
[f004656] done
[f004657] done
[f004658] done
[f004659] done
[f004660] done
[f004661] done
[f004662] done
[f004663] done
[f004664] done
[f004665] done
[f004666] done
[f004667] done
[f004668] done
[f004669] done
[f004670] done
[f004671] done
[f004672] done
[f004673] done
[f004674] done
[f004675] done
[f004676] done
[f004677] done
[f004678] done
[f004679] done
[f004680] done
[f004681] done
[f004682] done
[f004683] done
[f004684] done
[f004685] done
[f004686] done
[f004687] done
[f004688] done
[f004689] done
[f004690] done
[f004691] done
[f004692] done
[f004693] done
[f004694] done
[f004695] done
[f004696] done
[f004697] done
[f004698] done
[f004699] done
[f004700] done
[f004701] done
[f004702] done
[f004703] done
[f004704] done
[f004705] done
[f004706] done
[f004707] done
[f004708] done
[f004709] done
[f004710] done
[f004711] done
[f004712] done
[f004713] done
[f004714] done
[f004715] done
[f004716] done
[f004717] done
[f004718] done
[f004719] done
[f004720] done
[f004721] done
[f004722] done
[f004723] done
[f004724] done
[f004725] done
[f004726] done
[f004727] done
[f004728] done
[f004729] done
[f004730] done
[f004731] done
[f004732] done
[f004733] done
[f004734] done
[f004735] done
[f004736] done
[f004737] done
[f004738] done
[f004739] done
[f004740] done
[f004741] done
[f004742] done
[f004743] done
[f004744] done
[f004745] done
[f004746] done
[f004747] done
[f004748] done
[f004749] done
[f004750] done
[f004751] done
[f004752] done
[f004753] done
[f004754] done
[f004755] done
[f004756] done
[f004757] done
[f004758] done
[f004759] done
[f004760] done
[f004761] done
[f004762] done
[f004763] done
[f004764] done
[f004765] done
[f004766] done
[f004767] done
[f004768] done
[f004769] done
[f004770] done
[f004771] done
[f004772] done
[f004773] done
[f004774] done
[f004775] done
[f004776] done
[f004777] done
[f004778] done
[f004779] done
[f004780] done
[f004781] done
[f004782] done
[f004783] done
[f004784] done
[f004785] done
[f004786] done
[f004787] done
[f004788] done
[f004789] done
[f004790] done
[f004791] done
[f004792] done
[f004793] done
[f004794] done
[f004795] done
[f004796] done
[f004797] done
[f004798] done
[f004799] done
[f004800] done
[f004801] done
[f004802] done
[f004803] done
[f004804] done
[f004805] done
[f004806] done
[f004807] done
[f004808] done
[f004809] done
[f004810] done
[f004811] done
[f004812] done
[f004813] done
[f004814] done
[f004815] done
[f004816] done
[f004817] done
[f004818] done
[f004819] done
[f004820] done
[f004821] done
[f004822] done
[f004823] done
[f004824] done
[f004825] done
[f004826] done
[f004827] done
[f004828] done
[f004829] done
[f004830] done
[f004831] done
[f004832] done
[f004833] done
[f004834] done
[f004835] done
[f004836] done
[f004837] done
[f004838] done
[f004839] done
[f004840] done
[f004841] done
[f004842] done
[f004843] done
[f004844] done
[f004845] done
[f004846] done
[f004847] done
[f004848] done
[f004849] done
[f004850] done
[f004851] done
[f004852] done
[f004853] done
[f004854] done
[f004855] done
[f004856] done
[f004857] done
[f004858] done
[f004859] done
[f004860] done
[f004861] done
[f004862] done
[f004863] done
[f004864] done
[f004865] done
[f004866] done
[f004867] done
[f004868] done
[f004869] done
[f004870] done
[f004871] done
[f004872] done
[f004873] done
[f004874] done
[f004875] done
[f004876] done
[f004877] done
[f004878] done
[f004879] done
[f004880] done
[f004881] done
[f004882] done
[f004883] done
[f004884] done
[f004885] done
[f004886] done
[f004887] done
[f004888] done
[f004889] done
[f004890] done
[f004891] done
[f004892] done
[f004893] done
[f004894] done
[f004895] done
[f004896] done
[f004897] done
[f004898] done
[f004899] done
[f004900] done
[f004901] done
[f004902] done
[f004903] done
[f004904] done
[f004905] done
[f004906] done
[f004907] done
[f004908] done
[f004909] done
[f004910] done
[f004911] done
[f004912] done
[f004913] done
[f004914] done
[f004915] done
[f004916] done
[f004917] done
[f004918] done
[f004919] done
[f004920] done
[f004921] done
[f004922] done
[f004923] done
[f004924] done
[f004925] done
[f004926] done
[f004927] done
[f004928] done
[f004929] done
[f004930] done
[f004931] done
[f004932] done
[f004933] done
[f004934] done
[f004935] done
[f004936] done
[f004937] done
[f004938] done
[f004939] done
[f004940] done
[f004941] done
[f004942] done
[f004943] done
[f004944] done
[f004945] done
[f004946] done
[f004947] done
[f004948] done
[f004949] done
[f004950] done
[f004951] done
[f004952] done
[f004953] done
[f004954] done
[f004955] done
[f004956] done
[f004957] done
[f004958] done
[f004959] done
[f004960] done
[f004961] done
[f004962] done
[f004963] done
[f004964] done
[f004965] done
[f004966] done
[f004967] done
[f004968] done
[f004969] done
[f004970] done
[f004971] done
[f004972] done
[f004973] done
[f004974] done
[f004975] done
[f004976] done
[f004977] done
[f004978] done
[f004979] done
[f004980] done
[f004981] done
[f004982] done
[f004983] done
[f004984] done
[f004985] done
[f004986] done
[f004987] done
[f004988] done
[f004989] done
[f004990] done
[f004991] done
[f004992] done
[f004993] done
[f004994] done
[f004995] done
[f004996] done
[f004997] done
[f004998] done
[f004999] done
[f005000] done
[f005001] done
[f005002] done
[f005003] done
[f005004] done
[f005005] done
[f005006] done
[f005007] done
[f005008] done
[f005009] done
[f005010] done
[f005011] done
[f005012] done
[f005013] done
[f005014] done
[f005015] done
[f005016] done
[f005017] done
[f005018] done
[f005019] done
[f005020] done
[f005021] done
[f005022] done
[f005023] done
[f005024] done
[f005025] done
[f005026] done
[f005027] done
[f005028] done
[f005029] done
[f005030] done
[f005031] done
[f005032] done
[f005033] done
[f005034] done
[f005035] done
[f005036] done
[f005037] done
[f005038] done
[f005039] done
[f005040] done
[f005041] done
[f005042] done
[f005043] done
[f005044] done
[f005045] done
[f005046] done
[f005047] done
[f005048] done
[f005049] done
[f005050] done
[f005051] done
[f005052] done
[f005053] done
[f005054] done
[f005055] done
[f005056] done
[f005057] done
[f005058] done
[f005059] done
[f005060] done
[f005061] done
[f005062] done
[f005063] done
[f005064] done
[f005065] done
[f005066] done
[f005067] done
[f005068] done
[f005069] done
[f005070] done
[f005071] done
[f005072] done
[f005073] done
[f005074] done
[f005075] done
[f005076] done
[f005077] done
[f005078] done
[f005079] done
[f005080] done
[f005081] done
[f005082] done
[f005083] done
[f005084] done
[f005085] done
[f005086] done
[f005087] done
[f005088] done
[f005089] done
[f005090] done
[f005091] done
[f005092] done
[f005093] done
[f005094] done
[f005095] done
[f005096] done
[f005097] done
[f005098] done
[f005099] done
[f005100] done
[f005101] done
[f005102] done
[f005103] done
[f005104] done
[f005105] done
[f005106] done
[f005107] done
[f005108] done
[f005109] done
[f005110] done
[f005111] done
[f005112] done
[f005113] done
[f005114] done
[f005115] done
[f005116] done
[f005117] done
[f005118] done
[f005119] done
[f005120] done
[f005121] done
[f005122] done
[f005123] done
[f005124] done
[f005125] done
[f005126] done
[f005127] done
[f005128] done
[f005129] done
[f005130] done
[f005131] done
[f005132] done
[f005133] done
[f005134] done
[f005135] done
[f005136] done
[f005137] done
[f005138] done
[f005139] done
[f005140] done
[f005141] done
[f005142] done
[f005143] done
[f005144] done
[f005145] done
[f005146] done
[f005147] done
[f005148] done
[f005149] done
[f005150] done
[f005151] done
[f005152] done
[f005153] done
[f005154] done
[f005155] done
[f005156] done
[f005157] done
[f005158] done
[f005159] done
[f005160] done
[f005161] done
[f005162] done
[f005163] done
[f005164] done
[f005165] done
[f005166] done
[f005167] done
[f005168] done
[f005169] done
[f005170] done
[f005171] done
[f005172] done
[f005173] done
[f005174] done
[f005175] done
[f005176] done
[f005177] done
[f005178] done
[f005179] done
[f005180] done
[f005181] done
[f005182] done
[f005183] done
[f005184] done
[f005185] done
[f005186] done
[f005187] done
[f005188] done
[f005189] done
[f005190] done
[f005191] done
[f005192] done
[f005193] done
[f005194] done
[f005195] done
[f005196] done
[f005197] done
[f005198] done
[f005199] done
[f005200] done
[f005201] done
[f005202] done
[f005203] done
[f005204] done
[f005205] done
[f005206] done
[f005207] done
[f005208] done
[f005209] done
[f005210] done
[f005211] done
[f005212] done
[f005213] done
[f005214] done
[f005215] done
[f005216] done
[f005217] done
[f005218] done
[f005219] done
[f005220] done
[f005221] done
[f005222] done
[f005223] done
[f005224] done
[f005225] done
[f005226] done
[f005227] done
[f005228] done
[f005229] done
[f005230] done
[f005231] done
[f005232] done
[f005233] done
[f005234] done
[f005235] done
[f005236] done
[f005237] done
[f005238] done
[f005239] done
[f005240] done
[f005241] done
[f005242] done
[f005243] done
[f005244] done
[f005245] done
[f005246] done
[f005247] done
[f005248] done
[f005249] done
[f005250] done
[f005251] done
[f005252] done
[f005253] done
[f005254] done
[f005255] done
[f005256] done
[f005257] done
[f005258] done
[f005259] done
[f005260] done
[f005261] done
[f005262] done
[f005263] done
[f005264] done
[f005265] done
[f005266] done
[f005267] done
[f005268] done
[f005269] done
[f005270] done
[f005271] done
[f005272] done
[f005273] done
[f005274] done
[f005275] done
[f005276] done
[f005277] done
[f005278] done
[f005279] done
[f005280] done
[f005281] done
[f005282] done
[f005283] done
[f005284] done
[f005285] done
[f005286] done
[f005287] done
[f005288] done
[f005289] done
[f005290] done
[f005291] done
[f005292] done
[f005293] done
[f005294] done
[f005295] done
[f005296] done
[f005297] done
[f005298] done
[f005299] done
[f005300] done
[f005301] done
[f005302] done
[f005303] done
[f005304] done
[f005305] done
[f005306] done
[f005307] done
[f005308] done
[f005309] done
[f005310] done
[f005311] done
[f005312] done
[f005313] done
[f005314] done
[f005315] done
[f005316] done
[f005317] done
[f005318] done
[f005319] done
[f005320] done
[f005321] done
[f005322] done
[f005323] done
[f005324] done
[f005325] done
[f005326] done
[f005327] done
[f005328] done
[f005329] done
[f005330] done
[f005331] done
[f005332] done
[f005333] done
[f005334] done
[f005335] done
[f005336] done
[f005337] done
[f005338] done
[f005339] done
[f005340] done
[f005341] done
[f005342] done
[f005343] done
[f005344] done
[f005345] done
[f005346] done
[f005347] done
[f005348] done
[f005349] done
[f005350] done
[f005351] done
[f005352] done
[f005353] done
[f005354] done
[f005355] done
[f005356] done
[f005357] done
[f005358] done
[f005359] done
[f005360] done
[f005361] done
[f005362] done
[f005363] done
[f005364] done
[f005365] done
[f005366] done
[f005367] done
[f005368] done
[f005369] done
[f005370] done
[f005371] done
[f005372] done
[f005373] done
[f005374] done
[f005375] done
[f005376] done
[f005377] done
[f005378] done
[f005379] done
[f005380] done
[f005381] done
[f005382] done
[f005383] done
[f005384] done
[f005385] done
[f005386] done
[f005387] done
[f005388] done
[f005389] done
[f005390] done
[f005391] done
[f005392] done
[f005393] done
[f005394] done
[f005395] done
[f005396] done
[f005397] done
[f005398] done
[f005399] done
[f005400] done
[f005401] done
[f005402] done
[f005403] done
[f005404] done
[f005405] done
[f005406] done
[f005407] done
[f005408] done
[f005409] done
[f005410] done
[f005411] done
[f005412] done
[f005413] done
[f005414] done
[f005415] done
[f005416] done
[f005417] done
[f005418] done
[f005419] done
[f005420] done
[f005421] done
[f005422] done
[f005423] done
[f005424] done
[f005425] done
[f005426] done
[f005427] done
[f005428] done
[f005429] done
[f005430] done
[f005431] done
[f005432] done
[f005433] done
[f005434] done
[f005435] done
[f005436] done
[f005437] done
[f005438] done
[f005439] done
[f005440] done
[f005441] done
[f005442] done
[f005443] done
[f005444] done
[f005445] done
[f005446] done
[f005447] done
[f005448] done
[f005449] done
[f005450] done
[f005451] done
[f005452] done
[f005453] done
[f005454] done
[f005455] done
[f005456] done
[f005457] done
[f005458] done
[f005459] done
[f005460] done
[f005461] done
[f005462] done
[f005463] done
[f005464] done
[f005465] done
